// Jest Snapshot v1, https://goo.gl/fbAQLP

exports[`BankListScreen Component matches snapshot 1`] = `
<View
  style={
    {
      "alignItems": "center",
      "backgroundColor": "#f0f4f8",
      "flex": 1,
      "justifyContent": "center",
    }
  }
>
  <ActivityIndicator
    color="#4A90E2"
    size="large"
    testID="loading-indicator"
  />
</View>
`;
